[2025-12-28 14:00:24,813] INFO werkzeug : [31m[1mWARNING: This is a development server. Do not use it in a production deployment. Use a production WSGI server instead.[0m
 * Running on all addresses (0.0.0.0)
 * Running on http://127.0.0.1:5000
 * Running on http://192.168.0.8:5000
[2025-12-28 14:00:24,813] INFO werkzeug : [33mPress CTRL+C to quit[0m
[2025-12-28 14:00:24,814] INFO werkzeug :  * Restarting with stat
[2025-12-28 14:05:13,631] INFO werkzeug :  * Restarting with stat
[2025-12-28 14:06:17,790] INFO werkzeug :  * Restarting with stat
[2025-12-28 14:06:54,488] INFO werkzeug :  * Restarting with stat
[2025-12-28 14:06:58,600] INFO werkzeug :  * Restarting with stat
[2025-12-28 14:07:03,539] INFO werkzeug :  * Restarting with stat
[2025-12-28 14:08:37,997] INFO werkzeug :  * Restarting with stat
[2025-12-28 14:10:41,337] INFO werkzeug :  * Restarting with stat
[2025-12-28 14:13:16,057] INFO werkzeug :  * Restarting with stat
[2025-12-28 14:13:18,282] INFO werkzeug :  * Restarting with stat
[2025-12-28 14:13:43,054] INFO werkzeug :  * Restarting with stat
[2025-12-28 14:14:02,801] INFO werkzeug :  * Restarting with stat
[2025-12-28 14:14:26,202] INFO werkzeug :  * Restarting with stat
[2025-12-28 14:14:28,258] INFO werkzeug :  * Restarting with stat
[2025-12-28 14:15:31,236] INFO werkzeug :  * Restarting with stat
[2025-12-28 14:23:55,570] INFO werkzeug :  * Restarting with stat
[2025-12-28 14:24:40,438] INFO werkzeug :  * Restarting with stat
[2025-12-28 14:25:43,615] INFO werkzeug :  * Restarting with stat
[2025-12-28 14:25:58,069] INFO werkzeug :  * Restarting with stat
[2025-12-28 14:26:03,204] INFO werkzeug :  * Restarting with stat
[2025-12-28 14:27:45,997] INFO werkzeug :  * Restarting with stat
[2025-12-28 14:28:18,708] INFO werkzeug :  * Restarting with stat
[2025-12-28 14:28:40,111] INFO werkzeug :  * Restarting with stat
[2025-12-28 14:28:45,268] INFO werkzeug :  * Restarting with stat
[2025-12-28 14:28:54,463] INFO werkzeug :  * Restarting with stat
[2025-12-28 14:30:57,641] INFO werkzeug :  * Restarting with stat
[2025-12-28 14:31:02,785] INFO werkzeug :  * Restarting with stat
[2025-12-28 14:31:19,928] INFO werkzeug :  * Restarting with stat
[2025-12-28 14:31:22,070] INFO werkzeug :  * Restarting with stat
[2025-12-28 14:31:23,912] INFO werkzeug :  * Restarting with stat
[2025-12-28 14:32:48,459] INFO werkzeug :  * Restarting with stat
[2025-12-28 14:33:22,994] INFO werkzeug :  * Restarting with stat
[2025-12-28 15:20:49,260] INFO werkzeug :  * Restarting with stat
[2025-12-28 15:21:06,962] INFO werkzeug :  * Restarting with stat
[2025-12-28 15:21:13,087] INFO werkzeug :  * Restarting with stat
[2025-12-28 15:23:19,336] INFO werkzeug :  * Restarting with stat
[2025-12-28 15:23:21,402] INFO werkzeug :  * Restarting with stat
[2025-12-28 15:25:46,217] INFO werkzeug :  * Restarting with stat
[2025-12-28 15:25:48,579] INFO werkzeug :  * Restarting with stat
[2025-12-28 15:26:31,388] INFO werkzeug :  * Restarting with stat
[2025-12-28 15:28:20,861] INFO werkzeug :  * Restarting with stat
[2025-12-28 15:34:03,444] INFO werkzeug :  * Restarting with stat
[2025-12-28 15:35:17,176] INFO werkzeug :  * Restarting with stat
[2025-12-28 15:35:21,432] INFO werkzeug :  * Restarting with stat
[2025-12-28 15:35:24,476] INFO werkzeug :  * Restarting with stat
[2025-12-28 15:35:27,493] INFO werkzeug :  * Restarting with stat
[2025-12-28 15:37:29,069] INFO werkzeug :  * Restarting with stat
[2025-12-28 15:37:57,907] INFO werkzeug :  * Restarting with stat
[2025-12-28 15:38:00,043] INFO werkzeug :  * Restarting with stat
[2025-12-28 15:38:38,808] INFO werkzeug :  * Restarting with stat
[2025-12-28 15:42:18,007] INFO werkzeug :  * Restarting with stat
[2025-12-28 15:42:32,462] INFO werkzeug :  * Restarting with stat
[2025-12-28 15:45:07,631] INFO werkzeug :  * Restarting with stat
[2025-12-28 15:47:28,655] INFO werkzeug :  * Restarting with stat
[2025-12-28 15:47:38,063] INFO werkzeug :  * Restarting with stat
[2025-12-28 15:49:51,133] INFO werkzeug :  * Restarting with stat
[2025-12-28 15:51:37,961] INFO werkzeug :  * Restarting with stat
[2025-12-28 15:52:12,951] INFO werkzeug :  * Restarting with stat
[2025-12-28 15:52:47,799] INFO werkzeug :  * Restarting with stat
[2025-12-28 15:52:51,056] INFO werkzeug :  * Restarting with stat
[2025-12-28 15:52:53,070] INFO werkzeug :  * Restarting with stat
[2025-12-28 15:52:56,114] INFO werkzeug :  * Restarting with stat
[2025-12-28 15:53:12,473] INFO werkzeug :  * Restarting with stat
[2025-12-28 15:54:24,166] INFO werkzeug :  * Restarting with stat
[2025-12-28 15:56:49,292] INFO werkzeug :  * Restarting with stat
[2025-12-28 15:58:14,547] INFO werkzeug :  * Restarting with stat
[2025-12-28 15:58:50,611] INFO werkzeug :  * Restarting with stat
[2025-12-28 15:58:53,819] INFO werkzeug :  * Restarting with stat
[2025-12-28 15:58:55,855] INFO werkzeug :  * Restarting with stat
[2025-12-28 15:58:57,869] INFO werkzeug :  * Restarting with stat
[2025-12-28 15:59:00,912] INFO werkzeug :  * Restarting with stat
[2025-12-28 15:59:02,869] INFO werkzeug :  * Restarting with stat
[2025-12-28 16:03:43,497] INFO werkzeug :  * Restarting with stat
[2025-12-28 16:04:03,163] INFO werkzeug :  * Restarting with stat
[2025-12-28 16:04:41,099] INFO werkzeug :  * Restarting with stat
[2025-12-28 16:07:08,544] INFO werkzeug :  * Restarting with stat
[2025-12-28 16:07:10,766] INFO werkzeug :  * Restarting with stat
[2025-12-28 16:07:14,728] INFO werkzeug :  * Restarting with stat
[2025-12-28 16:07:17,601] INFO werkzeug :  * Restarting with stat
