[2025-12-28 15:23:24,302] INFO werkzeug : [31m[1mWARNING: This is a development server. Do not use it in a production deployment. Use a production WSGI server instead.[0m
 * Running on all addresses (0.0.0.0)
 * Running on http://127.0.0.1:5001
 * Running on http://192.168.0.8:5001
[2025-12-28 15:23:24,303] INFO werkzeug : [33mPress CTRL+C to quit[0m
[2025-12-28 15:23:24,303] INFO werkzeug :  * Restarting with stat
[2025-12-28 15:25:46,219] INFO werkzeug :  * Restarting with stat
[2025-12-28 15:25:48,574] INFO werkzeug :  * Restarting with stat
[2025-12-28 15:26:31,387] INFO werkzeug :  * Restarting with stat
[2025-12-28 15:28:20,861] INFO werkzeug :  * Restarting with stat
[2025-12-28 15:34:03,449] INFO werkzeug :  * Restarting with stat
[2025-12-28 15:35:17,176] INFO werkzeug :  * Restarting with stat
[2025-12-28 15:35:21,432] INFO werkzeug :  * Restarting with stat
[2025-12-28 15:35:24,476] INFO werkzeug :  * Restarting with stat
[2025-12-28 15:35:27,493] INFO werkzeug :  * Restarting with stat
[2025-12-28 15:37:29,074] INFO werkzeug :  * Restarting with stat
[2025-12-28 15:37:57,907] INFO werkzeug :  * Restarting with stat
[2025-12-28 15:38:00,043] INFO werkzeug :  * Restarting with stat
[2025-12-28 15:38:38,809] INFO werkzeug :  * Restarting with stat
[2025-12-28 15:42:18,012] INFO werkzeug :  * Restarting with stat
